components/day-map.tsx(54,50): error TS2339: Property 'replace' does not exist on type 'string | false | HTMLElement'.
  Property 'replace' does not exist on type 'false'.
components/views/info-view.tsx(140,98): error TS7006: Parameter 'f' implicitly has an 'any' type.
components/views/info-view.tsx(140,101): error TS7006: Parameter 'v' implicitly has an 'any' type.
components/views/info-view.tsx(143,97): error TS7006: Parameter 'f' implicitly has an 'any' type.
components/views/info-view.tsx(143,100): error TS7006: Parameter 'v' implicitly has an 'any' type.
