components/views/itinerary-view.tsx(1305,39): error TS2322: Type '() => void' is not assignable to type '() => Promise<void>'.
  Type 'void' is not assignable to type 'Promise<void>'.
